Archive member included because of file (symbol)

/usr/lib/gcc/avr/4.3.4/avr5/libgcc.a(_divmodhi4.o)
                              main.o (__divmodhi4)
/usr/lib/gcc/avr/4.3.4/avr5/libgcc.a(_exit.o)
                              /usr/lib/gcc/avr/4.3.4/../../../avr/lib/avr5/crtm32.o (exit)
/usr/lib/gcc/avr/4.3.4/avr5/libgcc.a(_copy_data.o)
                              main.o (__do_copy_data)
/usr/lib/gcc/avr/4.3.4/avr5/libgcc.a(_clear_bss.o)
                              main.o (__do_clear_bss)
/usr/lib/gcc/avr/4.3.4/avr5/libgcc.a(_udivmodhi4.o)
                              /usr/lib/gcc/avr/4.3.4/avr5/libgcc.a(_divmodhi4.o) (__udivmodhi4)
/usr/lib/gcc/avr/4.3.4/../../../avr/lib/avr5/libc.a(strcpy.o)
                              main.o (strcpy)
/usr/lib/gcc/avr/4.3.4/../../../avr/lib/avr5/libc.a(sprintf.o)
                              main.o (sprintf)
/usr/lib/gcc/avr/4.3.4/../../../avr/lib/avr5/libc.a(vfprintf_std.o)
                              /usr/lib/gcc/avr/4.3.4/../../../avr/lib/avr5/libc.a(sprintf.o) (vfprintf)
/usr/lib/gcc/avr/4.3.4/../../../avr/lib/avr5/libc.a(strnlen_P.o)
                              /usr/lib/gcc/avr/4.3.4/../../../avr/lib/avr5/libc.a(vfprintf_std.o) (strnlen_P)
/usr/lib/gcc/avr/4.3.4/../../../avr/lib/avr5/libc.a(strnlen.o)
                              /usr/lib/gcc/avr/4.3.4/../../../avr/lib/avr5/libc.a(vfprintf_std.o) (strnlen)
/usr/lib/gcc/avr/4.3.4/../../../avr/lib/avr5/libc.a(fputc.o)
                              /usr/lib/gcc/avr/4.3.4/../../../avr/lib/avr5/libc.a(vfprintf_std.o) (fputc)
/usr/lib/gcc/avr/4.3.4/../../../avr/lib/avr5/libc.a(ultoa_invert.o)
                              /usr/lib/gcc/avr/4.3.4/../../../avr/lib/avr5/libc.a(vfprintf_std.o) (__ultoa_invert)
/usr/lib/gcc/avr/4.3.4/avr5/libgcc.a(_prologue.o)
                              /usr/lib/gcc/avr/4.3.4/../../../avr/lib/avr5/libc.a(sprintf.o) (__prologue_saves__)
/usr/lib/gcc/avr/4.3.4/avr5/libgcc.a(_epilogue.o)
                              /usr/lib/gcc/avr/4.3.4/../../../avr/lib/avr5/libc.a(sprintf.o) (__epilogue_restores__)

Allocating common symbols
Common symbol       size              file

crc_high            0x1               main.o
rxcount             0x2               main.o
ONEScount           0x2               main.o
curr_byte           0x2               main.o
crc                 0x2               main.o
no_bytes_tosend     0x2               main.o
crc_low             0x1               main.o
RXBUFFER            0x40              main.o
array1              0x1e              main.o
TXBUFFER            0x40              main.o
no_databytes_toread
                    0x2               main.o
curr_buffer_index   0x2               main.o
lastBit             0x2               main.o
isFlag              0x2               main.o

Memory Configuration

Name             Origin             Length             Attributes
text             0x0000000000000000 0x0000000000020000 xr
data             0x0000000000800060 0x000000000000ffa0 rw !x
eeprom           0x0000000000810000 0x0000000000010000 rw !x
fuse             0x0000000000820000 0x0000000000000400 rw !x
lock             0x0000000000830000 0x0000000000000400 rw !x
signature        0x0000000000840000 0x0000000000000400 rw !x
*default*        0x0000000000000000 0xffffffffffffffff

Linker script and memory map

LOAD /usr/lib/gcc/avr/4.3.4/../../../avr/lib/avr5/crtm32.o
LOAD main.o
LOAD /usr/lib/gcc/avr/4.3.4/../../../avr/lib/avr5/libm.a
LOAD /usr/lib/gcc/avr/4.3.4/avr5/libgcc.a
LOAD /usr/lib/gcc/avr/4.3.4/../../../avr/lib/avr5/libc.a
LOAD /usr/lib/gcc/avr/4.3.4/avr5/libgcc.a

.hash
 *(.hash)

.dynsym
 *(.dynsym)

.dynstr
 *(.dynstr)

.gnu.version
 *(.gnu.version)

.gnu.version_d
 *(.gnu.version_d)

.gnu.version_r
 *(.gnu.version_r)

.rel.init
 *(.rel.init)

.rela.init
 *(.rela.init)

.rel.text
 *(.rel.text)
 *(.rel.text.*)
 *(.rel.gnu.linkonce.t*)

.rela.text
 *(.rela.text)
 *(.rela.text.*)
 *(.rela.gnu.linkonce.t*)

.rel.fini
 *(.rel.fini)

.rela.fini
 *(.rela.fini)

.rel.rodata
 *(.rel.rodata)
 *(.rel.rodata.*)
 *(.rel.gnu.linkonce.r*)

.rela.rodata
 *(.rela.rodata)
 *(.rela.rodata.*)
 *(.rela.gnu.linkonce.r*)

.rel.data
 *(.rel.data)
 *(.rel.data.*)
 *(.rel.gnu.linkonce.d*)

.rela.data
 *(.rela.data)
 *(.rela.data.*)
 *(.rela.gnu.linkonce.d*)

.rel.ctors
 *(.rel.ctors)

.rela.ctors
 *(.rela.ctors)

.rel.dtors
 *(.rel.dtors)

.rela.dtors
 *(.rela.dtors)

.rel.got
 *(.rel.got)

.rela.got
 *(.rela.got)

.rel.bss
 *(.rel.bss)

.rela.bss
 *(.rela.bss)

.rel.plt
 *(.rel.plt)

.rela.plt
 *(.rela.plt)

.text           0x0000000000000000     0x13c8
 *(.vectors)
 .vectors       0x0000000000000000       0x54 /usr/lib/gcc/avr/4.3.4/../../../avr/lib/avr5/crtm32.o
                0x0000000000000000                __vectors
                0x0000000000000000                __vector_default
 *(.vectors)
 *(.progmem.gcc*)
 *(.progmem*)
                0x0000000000000054                . = ALIGN (0x2)
                0x0000000000000054                __trampolines_start = .
 *(.trampolines)
 .trampolines   0x0000000000000054        0x0 linker stubs
 *(.trampolines*)
                0x0000000000000054                __trampolines_end = .
 *(.jumptables)
 *(.jumptables*)
 *(.lowtext)
 *(.lowtext*)
                0x0000000000000054                __ctors_start = .
 *(.ctors)
                0x0000000000000054                __ctors_end = .
                0x0000000000000054                __dtors_start = .
 *(.dtors)
                0x0000000000000054                __dtors_end = .
 SORT(*)(.ctors)
 SORT(*)(.dtors)
 *(.init0)
 .init0         0x0000000000000054        0x0 /usr/lib/gcc/avr/4.3.4/../../../avr/lib/avr5/crtm32.o
                0x0000000000000054                __init
 *(.init0)
 *(.init1)
 *(.init1)
 *(.init2)
 .init2         0x0000000000000054        0xc /usr/lib/gcc/avr/4.3.4/../../../avr/lib/avr5/crtm32.o
 *(.init2)
 *(.init3)
 *(.init3)
 *(.init4)
 .init4         0x0000000000000060       0x16 /usr/lib/gcc/avr/4.3.4/avr5/libgcc.a(_copy_data.o)
                0x0000000000000060                __do_copy_data
 .init4         0x0000000000000076       0x10 /usr/lib/gcc/avr/4.3.4/avr5/libgcc.a(_clear_bss.o)
                0x0000000000000076                __do_clear_bss
 *(.init4)
 *(.init5)
 *(.init5)
 *(.init6)
 *(.init6)
 *(.init7)
 *(.init7)
 *(.init8)
 *(.init8)
 *(.init9)
 .init9         0x0000000000000086        0x8 /usr/lib/gcc/avr/4.3.4/../../../avr/lib/avr5/crtm32.o
 *(.init9)
 *(.text)
 .text          0x000000000000008e        0x4 /usr/lib/gcc/avr/4.3.4/../../../avr/lib/avr5/crtm32.o
                0x000000000000008e                __vector_1
                0x000000000000008e                __vector_12
                0x000000000000008e                __bad_interrupt
                0x000000000000008e                __vector_6
                0x000000000000008e                __vector_3
                0x000000000000008e                __vector_11
                0x000000000000008e                __vector_13
                0x000000000000008e                __vector_17
                0x000000000000008e                __vector_19
                0x000000000000008e                __vector_7
                0x000000000000008e                __vector_5
                0x000000000000008e                __vector_4
                0x000000000000008e                __vector_9
                0x000000000000008e                __vector_2
                0x000000000000008e                __vector_15
                0x000000000000008e                __vector_8
                0x000000000000008e                __vector_14
                0x000000000000008e                __vector_10
                0x000000000000008e                __vector_16
                0x000000000000008e                __vector_18
                0x000000000000008e                __vector_20
 .text          0x0000000000000092      0xd26 main.o
                0x0000000000000092                WriteToCC1020Register
                0x00000000000000ac                ReadFromCC1020Register
                0x00000000000000ca                ResetCC1020
                0x00000000000000fc                SetupCC1020Allregisters
                0x0000000000000130                WakeUpCC1020ToTX
                0x000000000000019a                WakeUpCC1020ToRX
                0x0000000000000204                CalibrateCC1020
                0x0000000000000342                SetupCC1020TX
                0x000000000000047a                SetupCC1020RX
                0x0000000000000594                Transmitpacket
                0x0000000000000600                ReadNumberofBytes
                0x0000000000000668                Receivepacket
                0x00000000000007ac                ReadRSSIlevelCC1020
                0x00000000000008b8                Initialise_SPI
                0x00000000000008c8                Initialise_UART
                0x00000000000008da                usart_transmit
                0x00000000000008ee                update_crc
                0x0000000000000928                go
                0x00000000000009a4                cal_crc
                0x00000000000009ae                hex2ascii
                0x00000000000009c4                LoadTXBuffer
                0x0000000000000ac8                SetupCC1020PD
                0x0000000000000b82                main
 .text          0x0000000000000db8        0x0 /usr/lib/gcc/avr/4.3.4/avr5/libgcc.a(_divmodhi4.o)
 .text          0x0000000000000db8        0x0 /usr/lib/gcc/avr/4.3.4/avr5/libgcc.a(_exit.o)
 .text          0x0000000000000db8        0x0 /usr/lib/gcc/avr/4.3.4/avr5/libgcc.a(_copy_data.o)
 .text          0x0000000000000db8        0x0 /usr/lib/gcc/avr/4.3.4/avr5/libgcc.a(_clear_bss.o)
 .text          0x0000000000000db8        0x0 /usr/lib/gcc/avr/4.3.4/avr5/libgcc.a(_udivmodhi4.o)
 .text          0x0000000000000db8        0x0 /usr/lib/gcc/avr/4.3.4/../../../avr/lib/avr5/libc.a(strcpy.o)
 .text          0x0000000000000db8        0x0 /usr/lib/gcc/avr/4.3.4/../../../avr/lib/avr5/libc.a(sprintf.o)
 .text          0x0000000000000db8        0x0 /usr/lib/gcc/avr/4.3.4/../../../avr/lib/avr5/libc.a(vfprintf_std.o)
 .text          0x0000000000000db8        0x0 /usr/lib/gcc/avr/4.3.4/../../../avr/lib/avr5/libc.a(strnlen_P.o)
 .text          0x0000000000000db8        0x0 /usr/lib/gcc/avr/4.3.4/../../../avr/lib/avr5/libc.a(strnlen.o)
 .text          0x0000000000000db8        0x0 /usr/lib/gcc/avr/4.3.4/../../../avr/lib/avr5/libc.a(fputc.o)
 .text          0x0000000000000db8        0x0 /usr/lib/gcc/avr/4.3.4/../../../avr/lib/avr5/libc.a(ultoa_invert.o)
 .text          0x0000000000000db8        0x0 /usr/lib/gcc/avr/4.3.4/avr5/libgcc.a(_prologue.o)
 .text          0x0000000000000db8        0x0 /usr/lib/gcc/avr/4.3.4/avr5/libgcc.a(_epilogue.o)
                0x0000000000000db8                . = ALIGN (0x2)
 *(.text.*)
 .text.libgcc   0x0000000000000db8       0x26 /usr/lib/gcc/avr/4.3.4/avr5/libgcc.a(_divmodhi4.o)
                0x0000000000000db8                __divmodhi4
                0x0000000000000db8                _div
 .text.libgcc   0x0000000000000dde        0x0 /usr/lib/gcc/avr/4.3.4/avr5/libgcc.a(_exit.o)
 .text.libgcc   0x0000000000000dde        0x0 /usr/lib/gcc/avr/4.3.4/avr5/libgcc.a(_copy_data.o)
 .text.libgcc   0x0000000000000dde        0x0 /usr/lib/gcc/avr/4.3.4/avr5/libgcc.a(_clear_bss.o)
 .text.libgcc   0x0000000000000dde       0x28 /usr/lib/gcc/avr/4.3.4/avr5/libgcc.a(_udivmodhi4.o)
                0x0000000000000dde                __udivmodhi4
 .text.avr-libc
                0x0000000000000e06        0xe /usr/lib/gcc/avr/4.3.4/../../../avr/lib/avr5/libc.a(strcpy.o)
                0x0000000000000e06                strcpy
 .text.avr-libc
                0x0000000000000e14       0x48 /usr/lib/gcc/avr/4.3.4/../../../avr/lib/avr5/libc.a(sprintf.o)
                0x0000000000000e14                sprintf
 .text.avr-libc
                0x0000000000000e5c      0x3ba /usr/lib/gcc/avr/4.3.4/../../../avr/lib/avr5/libc.a(vfprintf_std.o)
                0x0000000000000e5c                vfprintf
 .text.avr-libc
                0x0000000000001216       0x16 /usr/lib/gcc/avr/4.3.4/../../../avr/lib/avr5/libc.a(strnlen_P.o)
                0x0000000000001216                strnlen_P
 .text.avr-libc
                0x000000000000122c       0x16 /usr/lib/gcc/avr/4.3.4/../../../avr/lib/avr5/libc.a(strnlen.o)
                0x000000000000122c                strnlen
 .text.avr-libc
                0x0000000000001242       0x58 /usr/lib/gcc/avr/4.3.4/../../../avr/lib/avr5/libc.a(fputc.o)
                0x0000000000001242                fputc
 .text.avr-libc
                0x000000000000129a       0xbc /usr/lib/gcc/avr/4.3.4/../../../avr/lib/avr5/libc.a(ultoa_invert.o)
                0x000000000000129a                __ultoa_invert
 .text.libgcc   0x0000000000001356       0x38 /usr/lib/gcc/avr/4.3.4/avr5/libgcc.a(_prologue.o)
                0x0000000000001356                __prologue_saves__
 .text.libgcc   0x000000000000138e       0x36 /usr/lib/gcc/avr/4.3.4/avr5/libgcc.a(_epilogue.o)
                0x000000000000138e                __epilogue_restores__
                0x00000000000013c4                . = ALIGN (0x2)
 *(.fini9)
 .fini9         0x00000000000013c4        0x0 /usr/lib/gcc/avr/4.3.4/avr5/libgcc.a(_exit.o)
                0x00000000000013c4                exit
                0x00000000000013c4                _exit
 *(.fini9)
 *(.fini8)
 *(.fini8)
 *(.fini7)
 *(.fini7)
 *(.fini6)
 *(.fini6)
 *(.fini5)
 *(.fini5)
 *(.fini4)
 *(.fini4)
 *(.fini3)
 *(.fini3)
 *(.fini2)
 *(.fini2)
 *(.fini1)
 *(.fini1)
 *(.fini0)
 .fini0         0x00000000000013c4        0x4 /usr/lib/gcc/avr/4.3.4/avr5/libgcc.a(_exit.o)
 *(.fini0)
                0x00000000000013c8                _etext = .

.data           0x0000000000800060       0xe4 load address 0x00000000000013c8
                0x0000000000800060                PROVIDE (__data_start, .)
 *(.data)
 .data          0x0000000000800060        0x0 /usr/lib/gcc/avr/4.3.4/../../../avr/lib/avr5/crtm32.o
 .data          0x0000000000800060       0xe3 main.o
                0x0000000000800118                DefaultConfig433
                0x0000000000800138                header
                0x000000000080013d                header_bytes
                0x000000000080013e                data
                0x0000000000800142                data_bytes
 .data          0x0000000000800143        0x0 /usr/lib/gcc/avr/4.3.4/avr5/libgcc.a(_divmodhi4.o)
 .data          0x0000000000800143        0x0 /usr/lib/gcc/avr/4.3.4/avr5/libgcc.a(_exit.o)
 .data          0x0000000000800143        0x0 /usr/lib/gcc/avr/4.3.4/avr5/libgcc.a(_copy_data.o)
 .data          0x0000000000800143        0x0 /usr/lib/gcc/avr/4.3.4/avr5/libgcc.a(_clear_bss.o)
 .data          0x0000000000800143        0x0 /usr/lib/gcc/avr/4.3.4/avr5/libgcc.a(_udivmodhi4.o)
 .data          0x0000000000800143        0x0 /usr/lib/gcc/avr/4.3.4/../../../avr/lib/avr5/libc.a(strcpy.o)
 .data          0x0000000000800143        0x0 /usr/lib/gcc/avr/4.3.4/../../../avr/lib/avr5/libc.a(sprintf.o)
 .data          0x0000000000800143        0x0 /usr/lib/gcc/avr/4.3.4/../../../avr/lib/avr5/libc.a(vfprintf_std.o)
 .data          0x0000000000800143        0x0 /usr/lib/gcc/avr/4.3.4/../../../avr/lib/avr5/libc.a(strnlen_P.o)
 .data          0x0000000000800143        0x0 /usr/lib/gcc/avr/4.3.4/../../../avr/lib/avr5/libc.a(strnlen.o)
 .data          0x0000000000800143        0x0 /usr/lib/gcc/avr/4.3.4/../../../avr/lib/avr5/libc.a(fputc.o)
 .data          0x0000000000800143        0x0 /usr/lib/gcc/avr/4.3.4/../../../avr/lib/avr5/libc.a(ultoa_invert.o)
 .data          0x0000000000800143        0x0 /usr/lib/gcc/avr/4.3.4/avr5/libgcc.a(_prologue.o)
 .data          0x0000000000800143        0x0 /usr/lib/gcc/avr/4.3.4/avr5/libgcc.a(_epilogue.o)
 *(.data*)
 *(.rodata)
 *(.rodata*)
 *(.gnu.linkonce.d*)
                0x0000000000800144                . = ALIGN (0x2)
 *fill*         0x0000000000800143        0x1 00
                0x0000000000800144                _edata = .
                0x0000000000800144                PROVIDE (__data_end, .)

.bss            0x0000000000800144       0xc0
                0x0000000000800144                PROVIDE (__bss_start, .)
 *(.bss)
 .bss           0x0000000000800144        0x0 /usr/lib/gcc/avr/4.3.4/../../../avr/lib/avr5/crtm32.o
 .bss           0x0000000000800144        0xe main.o
                0x0000000000800144                TX_complete
                0x0000000000800146                RX_complete
                0x0000000000800148                i
                0x000000000080014a                a
                0x000000000080014c                n
                0x000000000080014e                m
                0x0000000000800150                b
 .bss           0x0000000000800152        0x0 /usr/lib/gcc/avr/4.3.4/avr5/libgcc.a(_divmodhi4.o)
 .bss           0x0000000000800152        0x0 /usr/lib/gcc/avr/4.3.4/avr5/libgcc.a(_exit.o)
 .bss           0x0000000000800152        0x0 /usr/lib/gcc/avr/4.3.4/avr5/libgcc.a(_copy_data.o)
 .bss           0x0000000000800152        0x0 /usr/lib/gcc/avr/4.3.4/avr5/libgcc.a(_clear_bss.o)
 .bss           0x0000000000800152        0x0 /usr/lib/gcc/avr/4.3.4/avr5/libgcc.a(_udivmodhi4.o)
 .bss           0x0000000000800152        0x0 /usr/lib/gcc/avr/4.3.4/../../../avr/lib/avr5/libc.a(strcpy.o)
 .bss           0x0000000000800152        0x0 /usr/lib/gcc/avr/4.3.4/../../../avr/lib/avr5/libc.a(sprintf.o)
 .bss           0x0000000000800152        0x0 /usr/lib/gcc/avr/4.3.4/../../../avr/lib/avr5/libc.a(vfprintf_std.o)
 .bss           0x0000000000800152        0x0 /usr/lib/gcc/avr/4.3.4/../../../avr/lib/avr5/libc.a(strnlen_P.o)
 .bss           0x0000000000800152        0x0 /usr/lib/gcc/avr/4.3.4/../../../avr/lib/avr5/libc.a(strnlen.o)
 .bss           0x0000000000800152        0x0 /usr/lib/gcc/avr/4.3.4/../../../avr/lib/avr5/libc.a(fputc.o)
 .bss           0x0000000000800152        0x0 /usr/lib/gcc/avr/4.3.4/../../../avr/lib/avr5/libc.a(ultoa_invert.o)
 .bss           0x0000000000800152        0x0 /usr/lib/gcc/avr/4.3.4/avr5/libgcc.a(_prologue.o)
 .bss           0x0000000000800152        0x0 /usr/lib/gcc/avr/4.3.4/avr5/libgcc.a(_epilogue.o)
 *(.bss*)
 *(COMMON)
 COMMON         0x0000000000800152       0xb2 main.o
                0x0000000000800152                crc_high
                0x0000000000800153                rxcount
                0x0000000000800155                ONEScount
                0x0000000000800157                curr_byte
                0x0000000000800159                crc
                0x000000000080015b                no_bytes_tosend
                0x000000000080015d                crc_low
                0x000000000080015e                RXBUFFER
                0x000000000080019e                array1
                0x00000000008001bc                TXBUFFER
                0x00000000008001fc                no_databytes_toread
                0x00000000008001fe                curr_buffer_index
                0x0000000000800200                lastBit
                0x0000000000800202                isFlag
                0x0000000000800204                PROVIDE (__bss_end, .)
                0x00000000000013c8                __data_load_start = LOADADDR (.data)
                0x00000000000014ac                __data_load_end = (__data_load_start + SIZEOF (.data))

.noinit         0x0000000000800204        0x0
                0x0000000000800204                PROVIDE (__noinit_start, .)
 *(.noinit*)
                0x0000000000800204                PROVIDE (__noinit_end, .)
                0x0000000000800204                _end = .
                0x0000000000800204                PROVIDE (__heap_start, .)

.eeprom         0x0000000000810000        0x0
 *(.eeprom*)
                0x0000000000810000                __eeprom_end = .

.fuse
 *(.fuse)
 *(.lfuse)
 *(.hfuse)
 *(.efuse)

.lock
 *(.lock*)

.signature
 *(.signature*)

.stab           0x0000000000000000     0x1bf0
 *(.stab)
 .stab          0x0000000000000000      0x6b4 /usr/lib/gcc/avr/4.3.4/../../../avr/lib/avr5/crtm32.o
 .stab          0x00000000000006b4       0x6c /usr/lib/gcc/avr/4.3.4/../../../avr/lib/avr5/libc.a(strcpy.o)
                                         0x78 (size before relaxing)
 .stab          0x0000000000000720      0x3cc /usr/lib/gcc/avr/4.3.4/../../../avr/lib/avr5/libc.a(sprintf.o)
                                        0x3d8 (size before relaxing)
 .stab          0x0000000000000aec      0x978 /usr/lib/gcc/avr/4.3.4/../../../avr/lib/avr5/libc.a(vfprintf_std.o)
                                        0xb58 (size before relaxing)
 .stab          0x0000000000001464       0x9c /usr/lib/gcc/avr/4.3.4/../../../avr/lib/avr5/libc.a(strnlen_P.o)
                                         0xa8 (size before relaxing)
 .stab          0x0000000000001500       0x9c /usr/lib/gcc/avr/4.3.4/../../../avr/lib/avr5/libc.a(strnlen.o)
                                         0xa8 (size before relaxing)
 .stab          0x000000000000159c      0x1d4 /usr/lib/gcc/avr/4.3.4/../../../avr/lib/avr5/libc.a(fputc.o)
                                        0x3b4 (size before relaxing)
 .stab          0x0000000000001770      0x480 /usr/lib/gcc/avr/4.3.4/../../../avr/lib/avr5/libc.a(ultoa_invert.o)
                                        0x48c (size before relaxing)

.stabstr        0x0000000000000000      0xcc6
 *(.stabstr)
 .stabstr       0x0000000000000000      0xcc6 /usr/lib/gcc/avr/4.3.4/../../../avr/lib/avr5/crtm32.o

.stab.excl
 *(.stab.excl)

.stab.exclstr
 *(.stab.exclstr)

.stab.index
 *(.stab.index)

.stab.indexstr
 *(.stab.indexstr)

.comment
 *(.comment)

.debug
 *(.debug)

.line
 *(.line)

.debug_srcinfo
 *(.debug_srcinfo)

.debug_sfnames
 *(.debug_sfnames)

.debug_aranges  0x0000000000000000       0x20
 *(.debug_aranges)
 .debug_aranges
                0x0000000000000000       0x20 main.o

.debug_pubnames
                0x0000000000000000      0x30c
 *(.debug_pubnames)
 .debug_pubnames
                0x0000000000000000      0x30c main.o

.debug_info     0x0000000000000000     0x152e
 *(.debug_info)
 .debug_info    0x0000000000000000     0x152e main.o
 *(.gnu.linkonce.wi.*)

.debug_abbrev   0x0000000000000000      0x359
 *(.debug_abbrev)
 .debug_abbrev  0x0000000000000000      0x359 main.o

.debug_line     0x0000000000000000     0x1722
 *(.debug_line)
 .debug_line    0x0000000000000000     0x1722 main.o

.debug_frame    0x0000000000000000      0x180
 *(.debug_frame)
 .debug_frame   0x0000000000000000      0x180 main.o

.debug_str      0x0000000000000000      0x3e8
 *(.debug_str)
 .debug_str     0x0000000000000000      0x3e8 main.o
                                        0x434 (size before relaxing)

.debug_loc      0x0000000000000000      0xa7a
 *(.debug_loc)
 .debug_loc     0x0000000000000000      0xa7a main.o

.debug_macinfo
 *(.debug_macinfo)
OUTPUT(main.elf elf32-avr)
LOAD linker stubs

.debug_ranges   0x0000000000000000      0x240
 .debug_ranges  0x0000000000000000      0x240 main.o

Cross Reference Table

Symbol                                            File
CalibrateCC1020                                   main.o
DefaultConfig433                                  main.o
Initialise_SPI                                    main.o
Initialise_UART                                   main.o
LoadTXBuffer                                      main.o
ONEScount                                         main.o
RXBUFFER                                          main.o
RX_complete                                       main.o
ReadFromCC1020Register                            main.o
ReadNumberofBytes                                 main.o
ReadRSSIlevelCC1020                               main.o
Receivepacket                                     main.o
ResetCC1020                                       main.o
SetupCC1020Allregisters                           main.o
SetupCC1020PD                                     main.o
SetupCC1020RX                                     main.o
SetupCC1020TX                                     main.o
TXBUFFER                                          main.o
TX_complete                                       main.o
Transmitpacket                                    main.o
WakeUpCC1020ToRX                                  main.o
WakeUpCC1020ToTX                                  main.o
WriteToCC1020Register                             main.o
__bad_interrupt                                   /usr/lib/gcc/avr/4.3.4/../../../avr/lib/avr5/crtm32.o
__bss_end                                         /usr/lib/gcc/avr/4.3.4/avr5/libgcc.a(_clear_bss.o)
__bss_start                                       /usr/lib/gcc/avr/4.3.4/avr5/libgcc.a(_clear_bss.o)
__data_end                                        /usr/lib/gcc/avr/4.3.4/avr5/libgcc.a(_copy_data.o)
__data_load_start                                 /usr/lib/gcc/avr/4.3.4/avr5/libgcc.a(_copy_data.o)
__data_start                                      /usr/lib/gcc/avr/4.3.4/avr5/libgcc.a(_copy_data.o)
__divmodhi4                                       /usr/lib/gcc/avr/4.3.4/avr5/libgcc.a(_divmodhi4.o)
                                                  main.o
__do_clear_bss                                    /usr/lib/gcc/avr/4.3.4/avr5/libgcc.a(_clear_bss.o)
                                                  /usr/lib/gcc/avr/4.3.4/../../../avr/lib/avr5/libc.a(fputc.o)
                                                  /usr/lib/gcc/avr/4.3.4/../../../avr/lib/avr5/libc.a(vfprintf_std.o)
                                                  /usr/lib/gcc/avr/4.3.4/../../../avr/lib/avr5/libc.a(sprintf.o)
                                                  main.o
__do_copy_data                                    /usr/lib/gcc/avr/4.3.4/avr5/libgcc.a(_copy_data.o)
                                                  /usr/lib/gcc/avr/4.3.4/../../../avr/lib/avr5/libc.a(fputc.o)
                                                  /usr/lib/gcc/avr/4.3.4/../../../avr/lib/avr5/libc.a(vfprintf_std.o)
                                                  /usr/lib/gcc/avr/4.3.4/../../../avr/lib/avr5/libc.a(sprintf.o)
                                                  main.o
__epilogue_restores__                             /usr/lib/gcc/avr/4.3.4/avr5/libgcc.a(_epilogue.o)
                                                  /usr/lib/gcc/avr/4.3.4/../../../avr/lib/avr5/libc.a(vfprintf_std.o)
                                                  /usr/lib/gcc/avr/4.3.4/../../../avr/lib/avr5/libc.a(sprintf.o)
__heap_end                                        /usr/lib/gcc/avr/4.3.4/../../../avr/lib/avr5/crtm32.o
__init                                            /usr/lib/gcc/avr/4.3.4/../../../avr/lib/avr5/crtm32.o
__prologue_saves__                                /usr/lib/gcc/avr/4.3.4/avr5/libgcc.a(_prologue.o)
                                                  /usr/lib/gcc/avr/4.3.4/../../../avr/lib/avr5/libc.a(vfprintf_std.o)
                                                  /usr/lib/gcc/avr/4.3.4/../../../avr/lib/avr5/libc.a(sprintf.o)
__stack                                           /usr/lib/gcc/avr/4.3.4/../../../avr/lib/avr5/crtm32.o
__udivmodhi4                                      /usr/lib/gcc/avr/4.3.4/avr5/libgcc.a(_udivmodhi4.o)
                                                  /usr/lib/gcc/avr/4.3.4/avr5/libgcc.a(_divmodhi4.o)
__ultoa_invert                                    /usr/lib/gcc/avr/4.3.4/../../../avr/lib/avr5/libc.a(ultoa_invert.o)
                                                  /usr/lib/gcc/avr/4.3.4/../../../avr/lib/avr5/libc.a(vfprintf_std.o)
__vector_1                                        /usr/lib/gcc/avr/4.3.4/../../../avr/lib/avr5/crtm32.o
__vector_10                                       /usr/lib/gcc/avr/4.3.4/../../../avr/lib/avr5/crtm32.o
__vector_11                                       /usr/lib/gcc/avr/4.3.4/../../../avr/lib/avr5/crtm32.o
__vector_12                                       /usr/lib/gcc/avr/4.3.4/../../../avr/lib/avr5/crtm32.o
__vector_13                                       /usr/lib/gcc/avr/4.3.4/../../../avr/lib/avr5/crtm32.o
__vector_14                                       /usr/lib/gcc/avr/4.3.4/../../../avr/lib/avr5/crtm32.o
__vector_15                                       /usr/lib/gcc/avr/4.3.4/../../../avr/lib/avr5/crtm32.o
__vector_16                                       /usr/lib/gcc/avr/4.3.4/../../../avr/lib/avr5/crtm32.o
__vector_17                                       /usr/lib/gcc/avr/4.3.4/../../../avr/lib/avr5/crtm32.o
__vector_18                                       /usr/lib/gcc/avr/4.3.4/../../../avr/lib/avr5/crtm32.o
__vector_19                                       /usr/lib/gcc/avr/4.3.4/../../../avr/lib/avr5/crtm32.o
__vector_2                                        /usr/lib/gcc/avr/4.3.4/../../../avr/lib/avr5/crtm32.o
__vector_20                                       /usr/lib/gcc/avr/4.3.4/../../../avr/lib/avr5/crtm32.o
__vector_3                                        /usr/lib/gcc/avr/4.3.4/../../../avr/lib/avr5/crtm32.o
__vector_4                                        /usr/lib/gcc/avr/4.3.4/../../../avr/lib/avr5/crtm32.o
__vector_5                                        /usr/lib/gcc/avr/4.3.4/../../../avr/lib/avr5/crtm32.o
__vector_6                                        /usr/lib/gcc/avr/4.3.4/../../../avr/lib/avr5/crtm32.o
__vector_7                                        /usr/lib/gcc/avr/4.3.4/../../../avr/lib/avr5/crtm32.o
__vector_8                                        /usr/lib/gcc/avr/4.3.4/../../../avr/lib/avr5/crtm32.o
__vector_9                                        /usr/lib/gcc/avr/4.3.4/../../../avr/lib/avr5/crtm32.o
__vector_default                                  /usr/lib/gcc/avr/4.3.4/../../../avr/lib/avr5/crtm32.o
__vectors                                         /usr/lib/gcc/avr/4.3.4/../../../avr/lib/avr5/crtm32.o
_div                                              /usr/lib/gcc/avr/4.3.4/avr5/libgcc.a(_divmodhi4.o)
_exit                                             /usr/lib/gcc/avr/4.3.4/avr5/libgcc.a(_exit.o)
a                                                 main.o
array1                                            main.o
b                                                 main.o
cal_crc                                           main.o
crc                                               main.o
crc_high                                          main.o
crc_low                                           main.o
curr_buffer_index                                 main.o
curr_byte                                         main.o
data                                              main.o
data_bytes                                        main.o
exit                                              /usr/lib/gcc/avr/4.3.4/avr5/libgcc.a(_exit.o)
                                                  /usr/lib/gcc/avr/4.3.4/../../../avr/lib/avr5/crtm32.o
fputc                                             /usr/lib/gcc/avr/4.3.4/../../../avr/lib/avr5/libc.a(fputc.o)
                                                  /usr/lib/gcc/avr/4.3.4/../../../avr/lib/avr5/libc.a(vfprintf_std.o)
go                                                main.o
header                                            main.o
header_bytes                                      main.o
hex2ascii                                         main.o
i                                                 main.o
isFlag                                            main.o
lastBit                                           main.o
m                                                 main.o
main                                              main.o
                                                  /usr/lib/gcc/avr/4.3.4/../../../avr/lib/avr5/crtm32.o
n                                                 main.o
no_bytes_tosend                                   main.o
no_databytes_toread                               main.o
rxcount                                           main.o
sprintf                                           /usr/lib/gcc/avr/4.3.4/../../../avr/lib/avr5/libc.a(sprintf.o)
                                                  main.o
strcpy                                            /usr/lib/gcc/avr/4.3.4/../../../avr/lib/avr5/libc.a(strcpy.o)
                                                  main.o
strnlen                                           /usr/lib/gcc/avr/4.3.4/../../../avr/lib/avr5/libc.a(strnlen.o)
                                                  /usr/lib/gcc/avr/4.3.4/../../../avr/lib/avr5/libc.a(vfprintf_std.o)
strnlen_P                                         /usr/lib/gcc/avr/4.3.4/../../../avr/lib/avr5/libc.a(strnlen_P.o)
                                                  /usr/lib/gcc/avr/4.3.4/../../../avr/lib/avr5/libc.a(vfprintf_std.o)
update_crc                                        main.o
usart_transmit                                    main.o
vfprintf                                          /usr/lib/gcc/avr/4.3.4/../../../avr/lib/avr5/libc.a(vfprintf_std.o)
                                                  /usr/lib/gcc/avr/4.3.4/../../../avr/lib/avr5/libc.a(sprintf.o)
